#-----------------------------------------------------------
# Vivado v2020.1 (64-bit)
# SW Build 2902540 on Wed May 27 19:54:49 MDT 2020
# IP Build 2902112 on Wed May 27 22:43:36 MDT 2020
# Start of session at: Thu Mar  2 13:59:31 2023
# Process ID: 15604
# Current directory: C:/Users/felix/Documents/DTU/62711_Digital_systems_design/Git/DTU/62711/VHDLV3/VHDL/VHDL_Gruppe4/Datapath
# Command line: vivado.exe -gui_launcher_event rodinguilauncherevent26792 C:\Users\felix\Documents\DTU\62711_Digital_systems_design\Git\DTU\62711\VHDLV3\VHDL\VHDL_Gruppe4\Datapath\project_2.xpr
# Log file: C:/Users/felix/Documents/DTU/62711_Digital_systems_design/Git/DTU/62711/VHDLV3/VHDL/VHDL_Gruppe4/Datapath/vivado.log
# Journal file: C:/Users/felix/Documents/DTU/62711_Digital_systems_design/Git/DTU/62711/VHDLV3/VHDL/VHDL_Gruppe4/Datapath\vivado.jou
#-----------------------------------------------------------
start_gui
open_project C:/Users/felix/Documents/DTU/62711_Digital_systems_design/Git/DTU/62711/VHDLV3/VHDL/VHDL_Gruppe4/Datapath/project_2.xpr
# Disabling source management mode.  This is to allow the top design properties to be set without GUI intervention.
set_property source_mgmt_mode None [current_project]
set_property top top_module_RF [current_fileset]
# Re-enabling previously disabled source management mode.
set_property source_mgmt_mode DisplayOnly [current_project]
launch_simulation
launch_simulation
# Disabling source management mode.  This is to allow the top design properties to be set without GUI intervention.
set_property source_mgmt_mode None [current_project]
set_property top top_module_RF_tb [get_filesets sim_1]
set_property top_lib xil_defaultlib [get_filesets sim_1]
# Re-enabling previously disabled source management mode.
set_property source_mgmt_mode DisplayOnly [current_project]
launch_simulation
source top_module_RF_tb.tcl
close_sim
launch_simulation
source top_module_RF_tb.tcl
close_sim
launch_simulation
source top_module_RF_tb.tcl
