#-----------------------------------------------------------
# Vivado v2022.2 (64-bit)
# SW Build 3671981 on Fri Oct 14 05:00:03 MDT 2022
# IP Build 3669848 on Fri Oct 14 08:30:02 MDT 2022
# Start of session at: Mon May  1 21:03:10 2023
# Process ID: 38736
# Current directory: C:/Users/felix/Documents/DTU/30082_project_jan_23/Git/DTU/62711/PWF_local_2022/PWF_local_2022.runs/impl_1
# Command line: vivado.exe -log PWF_complete.vdi -applog -product Vivado -messageDb vivado.pb -mode batch -source PWF_complete.tcl -notrace
# Log file: C:/Users/felix/Documents/DTU/30082_project_jan_23/Git/DTU/62711/PWF_local_2022/PWF_local_2022.runs/impl_1/PWF_complete.vdi
# Journal file: C:/Users/felix/Documents/DTU/30082_project_jan_23/Git/DTU/62711/PWF_local_2022/PWF_local_2022.runs/impl_1\vivado.jou
# Running On: DESKTOP-LOLTF0F, OS: Windows, CPU Frequency: 2592 MHz, CPU Physical cores: 16, Host memory: 34018 MB
#-----------------------------------------------------------
source PWF_complete.tcl -notrace
